// Jest Snapshot v1, https://goo.gl/fbAQLP

exports[`sP should do what i like 1`] = `[Function]`;
