// Jest Snapshot v1, https://goo.gl/fbAQLP

exports[`sAT should do what i like 1`] = `undefined`;
